Error: 4, Nav pievienots attēlsError: 4, Nav pievienots attēlsError: 4, Nav pievienots attēls